// Jest Snapshot v1, https://goo.gl/fbAQLP

exports[`MainContentHeading Default props and rendering verifies the snapshot for the component 1`] = `
<div
  className="ajc-main-content-heading-container ajc-text-black ajc-default"
>
  <h1
    className="ajc-main-content-heading-text"
  >
    Test Page Heading
  </h1>
  <div
    className="ajc-main-content-heading-divider-outer"
    role="presentation"
  >
    <div
      className="ajc-main-content-heading-divider-inner"
    />
  </div>
</div>
`;
